$ java -XX:+PrintGCDetails -XX:+UseSerialGC -Xms128m -Xmx128m GCLogAnalysis

正在执行...

[GC (Allocation Failure) [DefNew: 34831K->4352K(39296K), 0.0118048 secs] 34831K->13410K(126720K), 0.0118679 secs] [Times: user=0.00 sys=0.02, real=0.01 secs]
[GC (Allocation Failure) [DefNew: 39296K->4346K(39296K), 0.0083416 secs] 48354K->24632K(126720K), 0.0083883 secs] [Times: user=0.01 sys=0.00, real=0.01 secs]
[GC (Allocation Failure) [DefNew: 38785K->4336K(39296K), 0.0086750 secs] 59071K->36015K(126720K), 0.0087109 secs] [Times: user=0.00 sys=0.02, real=0.01 secs]
[GC (Allocation Failure) [DefNew: 39130K->4345K(39296K), 0.0067000 secs] 70809K->46330K(126720K), 0.0067550 secs] [Times: user=0.00 sys=0.00, real=0.01 secs]
[GC (Allocation Failure) [DefNew: 39253K->4351K(39296K), 0.0076306 secs] 81239K->58027K(126720K), 0.0076620 secs] [Times: user=0.01 sys=0.00, real=0.01 secs]
[GC (Allocation Failure) [DefNew: 39136K->4343K(39296K), 0.0095973 secs] 92812K->71587K(126720K), 0.0096660 secs] [Times: user=0.00 sys=0.00, real=0.01 secs]
[GC (Allocation Failure) [DefNew: 39124K->4346K(39296K), 0.0098834 secs] 106368K->85692K(126720K), 0.0099131 secs] [Times: user=0.02 sys=0.00, real=0.01 secs]
[GC (Allocation Failure) [DefNew: 39290K->39290K(39296K), 0.0000127 secs][Tenured: 81345K->86943K(87424K), 0.0214524 secs] 120636K->90739K(126720K), [Metaspace: 2630K->2630K(1056768K)], 0.0215129 secs] [Times: user=0.03 sys=0.00, real=0.02 secs]
[Full GC (Allocation Failure) [Tenured: 87322K->87392K(87424K), 0.0193045 secs] 126456K->98365K(126720K), [Metaspace: 2630K->2630K(1056768K)], 0.0193474 secs] [Times: user=0.01 sys=0.00, real=0.02 secs]
[Full GC (Allocation Failure) [Tenured: 87392K->87415K(87424K), 0.0217774 secs] 126326K->107279K(126720K), [Metaspace: 2630K->2630K(1056768K)], 0.0218240 secs] [Times: user=0.03 sys=0.00, real=0.02 secs]
[Full GC (Allocation Failure) [Tenured: 87415K->86891K(87424K), 0.0273303 secs] 126692K->107352K(126720K), [Metaspace: 2630K->2630K(1056768K)], 0.0274024 secs] [Times: user=0.03 sys=0.00, real=0.03 secs]
[Full GC (Allocation Failure) [Tenured: 87288K->87288K(87424K), 0.0051071 secs] 126459K->116129K(126720K), [Metaspace: 2630K->2630K(1056768K)], 0.0051726 secs] [Times: user=0.00 sys=0.00, real=0.01 secs]
[Full GC (Allocation Failure) [Tenured: 87288K->87288K(87424K), 0.0069146 secs] 126352K->121485K(126720K), [Metaspace: 2630K->2630K(1056768K)], 0.0069687 secs] [Times: user=0.02 sys=0.00, real=0.01 secs]
[Full GC (Allocation Failure) [Tenured: 87288K->87288K(87424K), 0.0017442 secs] 126297K->124384K(126720K), [Metaspace: 2630K->2630K(1056768K)], 0.0017703 secs] [Times: user=0.00 sys=0.00, real=0.00 secs]
[Full GC (Allocation Failure) [Tenured: 87288K->87391K(87424K), 0.0272820 secs] 126370K->122707K(126720K), [Metaspace: 2630K->2630K(1056768K)], 0.0273150 secs] [Times: user=0.03 sys=0.00, real=0.03 secs]
[Full GC (Allocation Failure) [Tenured: 87391K->87391K(87424K), 0.0015201 secs] 126653K->125024K(126720K), [Metaspace: 2630K->2630K(1056768K)], 0.0015457 secs] [Times: user=0.00 sys=0.00, real=0.00 secs]
[Full GC (Allocation Failure) [Tenured: 87391K->87391K(87424K), 0.0012243 secs] 126379K->125787K(126720K), [Metaspace: 2630K->2630K(1056768K)], 0.0012450 secs] [Times: user=0.00 sys=0.00, real=0.00 secs]
[Full GC (Allocation Failure) [Tenured: 87391K->87404K(87424K), 0.0235106 secs] 125787K->124410K(126720K), [Metaspace: 2630K->2630K(1056768K)], 0.0235450 secs] [Times: user=0.03 sys=0.00, real=0.03 secs]
[Full GC (Allocation Failure) [Tenured: 87404K->87202K(87424K), 0.0139720 secs] 126644K->125289K(126720K), [Metaspace: 2630K->2630K(1056768K)], 0.0140084 secs] [Times: user=0.00 sys=0.00, real=0.01 secs]
[Full GC (Allocation Failure) [Tenured: 87310K->87310K(87424K), 0.0030930 secs] 126587K->126083K(126720K), [Metaspace: 2630K->2630K(1056768K)], 0.0031578 secs] [Times: user=0.00 sys=0.00, real=0.00 secs]
[Full GC (Allocation Failure) [Tenured: 87310K->87310K(87424K), 0.0010586 secs] 126296K->126227K(126720K), [Metaspace: 2630K->2630K(1056768K)], 0.0010961 secs] [Times: user=0.00 sys=0.00, real=0.00 secs]
[Full GC (Allocation Failure) [Tenured: 87310K->87098K(87424K), 0.0064241 secs] 126227K->126016K(126720K), [Metaspace: 2630K->2630K(1056768K)], 0.0064536 secs] [Times: user=0.01 sys=0.00, real=0.01 secs]
[Full GC (Allocation Failure) [Tenured: 87386K->87098K(87424K), 0.0010953 secs] 126522K->125872K(126720K), [Metaspace: 2630K->2630K(1056768K)], 0.0011161 secs] [Times: user=0.00 sys=0.00, real=0.00 secs]
[Full GC (Allocation Failure) [Tenured: 87197K->87197K(87424K), 0.0009919 secs] 126402K->126333K(126720K), [Metaspace: 2630K->2630K(1056768K)], 0.0010099 secs] [Times: user=0.00 sys=0.00, real=0.00 secs]
[Full GC (Allocation Failure) [Tenured: 87197K->87115K(87424K), 0.0150668 secs] 126333K->126251K(126720K), [Metaspace: 2630K->2630K(1056768K)], 0.0150973 secs] [Times: user=0.02 sys=0.00, real=0.02 secs]
Exception in thread "main" java.lang.OutOfMemoryError: Java heap space
at GCLogAnalysis.generateGarbage(GCLogAnalysis.java:52)
at GCLogAnalysis.main(GCLogAnalysis.java:29)

Heap
def new generation   total 39296K, used 39188K [0x00000000f8000000, 0x00000000faaa0000, 0x00000000faaa0000)

eden space 34944K, 100% used [0x00000000f8000000, 0x00000000fa220000, 0x00000000fa220000)

from space 4352K,  97% used [0x00000000fa660000, 0x00000000faa853e0, 0x00000000faaa0000)

to   space 4352K,   0% used [0x00000000fa220000, 0x00000000fa220000, 0x00000000fa660000)

tenured generation   total 87424K, used 87115K [0x00000000faaa0000, 0x0000000100000000, 0x0000000100000000)

the space 87424K,  99% used [0x00000000faaa0000, 0x00000000fffb2e08, 0x00000000fffb3000, 0x0000000100000000)

Metaspace       used 2660K, capacity 4486K, committed 4864K, reserved 1056768K

class space    used 293K, capacity 386K, committed 512K, reserved 1048576K

admin@DESKTOP-EN1RKTD MINGW64 /d/gc
$ java -XX:+PrintGCDetails -XX:+UseSerialGC -Xms256m -Xmx256m GCLogAnalysis

正在执行...

[GC (Allocation Failure) [DefNew: 69934K->8704K(78656K), 0.0158599 secs] 69934K->27065K(253440K), 0.0159089 secs] [Times: user=0.02 sys=0.00, real=0.02 secs]
[GC (Allocation Failure) [DefNew: 78216K->8701K(78656K), 0.0180884 secs] 96578K->50989K(253440K), 0.0181426 secs] [Times: user=0.00 sys=0.02, real=0.02 secs]
[GC (Allocation Failure) [DefNew: 78630K->8703K(78656K), 0.0171970 secs] 120918K->73558K(253440K), 0.0172315 secs] [Times: user=0.00 sys=0.01, real=0.01 secs]
[GC (Allocation Failure) [DefNew: 78502K->8703K(78656K), 0.0170573 secs] 143357K->95073K(253440K), 0.0171499 secs] [Times: user=0.00 sys=0.03, real=0.02 secs]
[GC (Allocation Failure) [DefNew: 78655K->8703K(78656K), 0.0174330 secs] 165025K->118785K(253440K), 0.0174683 secs] [Times: user=0.01 sys=0.00, real=0.02 secs]
[GC (Allocation Failure) [DefNew: 78247K->8701K(78656K), 0.0161435 secs] 188328K->143411K(253440K), 0.0162130 secs] [Times: user=0.01 sys=0.00, real=0.02 secs]
[GC (Allocation Failure) [DefNew: 78653K->8703K(78656K), 0.0164117 secs] 213363K->166555K(253440K), 0.0164666 secs] [Times: user=0.02 sys=0.00, real=0.02 secs]
[GC (Allocation Failure) [DefNew: 78655K->78655K(78656K), 0.0000174 secs][Tenured: 157851K->165194K(174784K), 0.0420201 secs] 236507K->165194K(253440K), [Metaspace: 2630K->2630K(1056768K)], 0.0421191 secs] [Times: user=0.05 sys=0.00, real=0.05 secs]
[GC (Allocation Failure) [DefNew: 69952K->69952K(78656K), 0.0000597 secs][Tenured: 165194K->174768K(174784K), 0.0472351 secs] 235146K->185051K(253440K), [Metaspace: 2630K->2630K(1056768K)], 0.0474223 secs] [Times: user=0.05 sys=0.00, real=0.05 secs]
[Full GC (Allocation Failure) [Tenured: 174768K->174245K(174784K), 0.0466125 secs] 253193K->200834K(253440K), [Metaspace: 2630K->2630K(1056768K)], 0.0466931 secs] [Times: user=0.05 sys=0.00, real=0.05 secs]
[Full GC (Allocation Failure) [Tenured: 174616K->174657K(174784K), 0.0485006 secs] 252980K->197659K(253440K), [Metaspace: 2630K->2630K(1056768K)], 0.0485827 secs] [Times: user=0.05 sys=0.00, real=0.04 secs]
[Full GC (Allocation Failure) [Tenured: 174765K->174765K(174784K), 0.0098736 secs] 253399K->214687K(253440K), [Metaspace: 2630K->2630K(1056768K)], 0.0099385 secs] [Times: user=0.00 sys=0.00, real=0.01 secs]
[Full GC (Allocation Failure) [Tenured: 174778K->174724K(174784K), 0.0288434 secs] 253431K->223899K(253440K), [Metaspace: 2630K->2630K(1056768K)], 0.0289038 secs] [Times: user=0.03 sys=0.00, real=0.03 secs]
[Full GC (Allocation Failure) [Tenured: 174724K->174732K(174784K), 0.0333018 secs] 253311K->228378K(253440K), [Metaspace: 2630K->2630K(1056768K)], 0.0333638 secs] [Times: user=0.02 sys=0.00, real=0.03 secs]
[Full GC (Allocation Failure) [Tenured: 174732K->174532K(174784K), 0.0547032 secs] 253185K->224787K(253440K), [Metaspace: 2630K->2630K(1056768K)], 0.0547858 secs] [Times: user=0.06 sys=0.00, real=0.06 secs]
[Full GC (Allocation Failure) [Tenured: 174532K->174532K(174784K), 0.0134296 secs] 252774K->232986K(253440K), [Metaspace: 2630K->2630K(1056768K)], 0.0134920 secs] [Times: user=0.03 sys=0.00, real=0.02 secs]
[Full GC (Allocation Failure) [Tenured: 174532K->174532K(174784K), 0.0149235 secs] 253015K->238149K(253440K), [Metaspace: 2630K->2630K(1056768K)], 0.0150257 secs] [Times: user=0.01 sys=0.00, real=0.02 secs]
[Full GC (Allocation Failure) [Tenured: 174532K->174389K(174784K), 0.0224475 secs] 252961K->239025K(253440K), [Metaspace: 2630K->2630K(1056768K)], 0.0224902 secs] [Times: user=0.02 sys=0.00, real=0.02 secs]
[Full GC (Allocation Failure) [Tenured: 174389K->174623K(174784K), 0.0569403 secs] 252798K->230369K(253440K), [Metaspace: 2630K->2630K(1056768K)], 0.0570108 secs] [Times: user=0.06 sys=0.00, real=0.06 secs]
[Full GC (Allocation Failure) [Tenured: 174623K->174623K(174784K), 0.0145574 secs] 253023K->237283K(253440K), [Metaspace: 2630K->2630K(1056768K)], 0.0146220 secs] [Times: user=0.02 sys=0.00, real=0.02 secs]
[Full GC (Allocation Failure) [Tenured: 174765K->174765K(174784K), 0.0126181 secs] 253372K->241642K(253440K), [Metaspace: 2630K->2630K(1056768K)], 0.0126827 secs] [Times: user=0.02 sys=0.00, real=0.01 secs]
[Full GC (Allocation Failure) [Tenured: 174765K->174765K(174784K), 0.0157838 secs] 253285K->243566K(253440K), [Metaspace: 2630K->2630K(1056768K)], 0.0158469 secs] [Times: user=0.00 sys=0.00, real=0.01 secs]
[Full GC (Allocation Failure) [Tenured: 174765K->174158K(174784K), 0.0566011 secs] 253392K->239970K(253440K), [Metaspace: 2630K->2630K(1056768K)], 0.0566613 secs] [Times: user=0.06 sys=0.00, real=0.06 secs]
[Full GC (Allocation Failure) [Tenured: 174704K->174704K(174784K), 0.0109307 secs] 253328K->244066K(253440K), [Metaspace: 2630K->2630K(1056768K)], 0.0110350 secs] [Times: user=0.02 sys=0.00, real=0.01 secs]
[Full GC (Allocation Failure) [Tenured: 174704K->174704K(174784K), 0.0149419 secs] 253078K->247017K(253440K), [Metaspace: 2630K->2630K(1056768K)], 0.0150753 secs] [Times: user=0.02 sys=0.00, real=0.01 secs]
[Full GC (Allocation Failure) [Tenured: 174704K->174704K(174784K), 0.0154978 secs] 253326K->249358K(253440K), [Metaspace: 2630K->2630K(1056768K)], 0.0156122 secs] [Times: user=0.02 sys=0.00, real=0.02 secs]
[Full GC (Allocation Failure) [Tenured: 174704K->174144K(174784K), 0.0548077 secs] 253248K->241614K(253440K), [Metaspace: 2630K->2630K(1056768K)], 0.0548626 secs] [Times: user=0.06 sys=0.00, real=0.06 secs]
[Full GC (Allocation Failure) [Tenured: 174144K->174144K(174784K), 0.0144232 secs] 252452K->243654K(253440K), [Metaspace: 2630K->2630K(1056768K)], 0.0144884 secs] [Times: user=0.02 sys=0.00, real=0.01 secs]
执行结束!共生成对象次数:4019

Heap
def new generation   total 78656K, used 70710K [0x00000000f0000000, 0x00000000f5550000, 0x00000000f5550000)

eden space 69952K, 100% used [0x00000000f0000000, 0x00000000f4450000, 0x00000000f4450000)

from space 8704K,   8% used [0x00000000f4cd0000, 0x00000000f4d8d800, 0x00000000f5550000)

to   space 8704K,   0% used [0x00000000f4450000, 0x00000000f4450000, 0x00000000f4cd0000)

tenured generation   total 174784K, used 174144K [0x00000000f5550000, 0x0000000100000000, 0x0000000100000000)

the space 174784K,  99% used [0x00000000f5550000, 0x00000000fff60150, 0x00000000fff60200, 0x0000000100000000)

Metaspace       used 2636K, capacity 4486K, committed 4864K, reserved 1056768K

class space    used 290K, capacity 386K, committed 512K, reserved 1048576K

admin@DESKTOP-EN1RKTD MINGW64 /d/gc
$ java -XX:+PrintGCDetails -XX:+UseSerialGC -Xms512m -Xmx512m GCLogAnalysis

正在执行...

[GC (Allocation Failure) [DefNew: 139776K->17472K(157248K), 0.0312786 secs] 139776K->49000K(506816K), 0.0313668 secs] [Times: user=0.00 sys=0.03, real=0.03 secs]
[GC (Allocation Failure) [DefNew: 157248K->17471K(157248K), 0.0381956 secs] 188776K->94620K(506816K), 0.0382488 secs] [Times: user=0.02 sys=0.02, real=0.04 secs]
[GC (Allocation Failure) [DefNew: 157247K->17471K(157248K), 0.0327618 secs] 234396K->143235K(506816K), 0.0328008 secs] [Times: user=0.02 sys=0.02, real=0.03 secs]
[GC (Allocation Failure) [DefNew: 157132K->17471K(157248K), 0.0323345 secs] 282895K->189075K(506816K), 0.0323886 secs] [Times: user=0.02 sys=0.02, real=0.03 secs]
[GC (Allocation Failure) [DefNew: 157247K->17469K(157248K), 0.0312784 secs] 328851K->232223K(506816K), 0.0313119 secs] [Times: user=0.03 sys=0.00, real=0.03 secs]
[GC (Allocation Failure) [DefNew: 157245K->17472K(157248K), 0.0327511 secs] 371999K->278054K(506816K), 0.0328031 secs] [Times: user=0.02 sys=0.02, real=0.04 secs]
[GC (Allocation Failure) [DefNew: 157248K->17469K(157248K), 0.0375436 secs] 417830K->330344K(506816K), 0.0375946 secs] [Times: user=0.01 sys=0.02, real=0.04 secs]
[GC (Allocation Failure) [DefNew: 157021K->157021K(157248K), 0.0000161 secs][Tenured: 312874K->281665K(349568K), 0.0663600 secs] 469895K->281665K(506816K), [Metaspace: 2630K->2630K(1056768K)], 0.0664539 secs] [Times: user=0.06 sys=0.00, real=0.06 secs]
[GC (Allocation Failure) [DefNew: 139761K->17471K(157248K), 0.0122899 secs] 421427K->329514K(506816K), 0.0123439 secs] [Times: user=0.02 sys=0.00, real=0.01 secs]
[GC (Allocation Failure) [DefNew: 157247K->157247K(157248K), 0.0000187 secs][Tenured: 312042K->312682K(349568K), 0.0685281 secs] 469290K->312682K(506816K), [Metaspace: 2630K->2630K(1056768K)], 0.0686469 secs] [Times: user=0.06 sys=0.00, real=0.07 secs]
[GC (Allocation Failure) [DefNew: 139776K->139776K(157248K), 0.0000141 secs][Tenured: 312682K->324060K(349568K), 0.0937311 secs] 452458K->324060K(506816K), [Metaspace: 2630K->2630K(1056768K)], 0.0937953 secs] [Times: user=0.09 sys=0.00, real=0.09 secs]
[GC (Allocation Failure) [DefNew: 139776K->139776K(157248K), 0.0000171 secs][Tenured: 324060K->311762K(349568K), 0.0791212 secs] 463836K->311762K(506816K), [Metaspace: 2630K->2630K(1056768K)], 0.0792090 secs] [Times: user=0.08 sys=0.00, real=0.08 secs]
[GC (Allocation Failure) [DefNew: 139389K->139389K(157248K), 0.0000160 secs][Tenured: 311762K->339902K(349568K), 0.0471344 secs] 451151K->339902K(506816K), [Metaspace: 2630K->2630K(1056768K)], 0.0472101 secs] [Times: user=0.06 sys=0.00, real=0.05 secs]
执行结束!共生成对象次数:6954

Heap
def new generation   total 157248K, used 47052K [0x00000000e0000000, 0x00000000eaaa0000, 0x00000000eaaa0000)

eden space 139776K,  33% used [0x00000000e0000000, 0x00000000e2df3130, 0x00000000e8880000)

from space 17472K,   0% used [0x00000000e8880000, 0x00000000e8880000, 0x00000000e9990000)

to   space 17472K,   0% used [0x00000000e9990000, 0x00000000e9990000, 0x00000000eaaa0000)

tenured generation   total 349568K, used 339902K [0x00000000eaaa0000, 0x0000000100000000, 0x0000000100000000)

the space 349568K,  97% used [0x00000000eaaa0000, 0x00000000ff68fb10, 0x00000000ff68fc00, 0x0000000100000000)

Metaspace       used 2636K, capacity 4486K, committed 4864K, reserved 1056768K

class space    used 290K, capacity 386K, committed 512K, reserved 1048576K

admin@DESKTOP-EN1RKTD MINGW64 /d/gc
$ java -XX:+PrintGCDetails -XX:+UseSerialGC -Xms1g -Xmx1g GCLogAnalysis

正在执行...

[GC (Allocation Failure) [DefNew: 279616K->34944K(314560K), 0.0464766 secs] 279616K->86568K(1013632K), 0.0465460 secs] [Times: user=0.02 sys=0.03, real=0.04 secs]
[GC (Allocation Failure) [DefNew: 314560K->34943K(314560K), 0.0652330 secs] 366184K->159382K(1013632K), 0.0653108 secs] [Times: user=0.01 sys=0.05, real=0.06 secs]
[GC (Allocation Failure) [DefNew: 314559K->34944K(314560K), 0.0549331 secs] 438998K->235691K(1013632K), 0.0549831 secs] [Times: user=0.02 sys=0.03, real=0.05 secs]
[GC (Allocation Failure) [DefNew: 314560K->34943K(314560K), 0.0543107 secs] 515307K->311907K(1013632K), 0.0543589 secs] [Times: user=0.05 sys=0.01, real=0.06 secs]
[GC (Allocation Failure) [DefNew: 314559K->34943K(314560K), 0.0607671 secs] 591523K->395435K(1013632K), 0.0608646 secs] [Times: user=0.05 sys=0.02, real=0.06 secs]
[GC (Allocation Failure) [DefNew: 314559K->34943K(314560K), 0.0576847 secs] 675051K->474152K(1013632K), 0.0577743 secs] [Times: user=0.03 sys=0.03, real=0.06 secs]
[GC (Allocation Failure) [DefNew: 314559K->34943K(314560K), 0.0544029 secs] 753768K->550074K(1013632K), 0.0544553 secs] [Times: user=0.00 sys=0.05, real=0.05 secs]
[GC (Allocation Failure) [DefNew: 314559K->34943K(314560K), 0.0613697 secs] 829690K->625590K(1013632K), 0.0614407 secs] [Times: user=0.05 sys=0.02, real=0.06 secs]
执行结束!共生成对象次数:8936

Heap
def new generation   total 314560K, used 176648K [0x00000000c0000000, 0x00000000d5550000, 0x00000000d5550000)

eden space 279616K,  50% used [0x00000000c0000000, 0x00000000c8a62500, 0x00000000d1110000)

from space 34944K,  99% used [0x00000000d1110000, 0x00000000d332fe60, 0x00000000d3330000)

to   space 34944K,   0% used [0x00000000d3330000, 0x00000000d3330000, 0x00000000d5550000)

tenured generation   total 699072K, used 590646K [0x00000000d5550000, 0x0000000100000000, 0x0000000100000000)

the space 699072K,  84% used [0x00000000d5550000, 0x00000000f961d9f8, 0x00000000f961da00, 0x0000000100000000)

Metaspace       used 2636K, capacity 4486K, committed 4864K, reserved 1056768K

class space    used 290K, capacity 386K, committed 512K, reserved 1048576K
